[kpens.us/index.html]
[kpens.us/images/xmlrpc.php]
[backblue.gif]
[fade.gif]
[index.html]
[kpens.us/images/bootstrap.minef15.css]
[kpens.us/images/font-awesome.minef15.css]
[fonts.googleapis.com/index.html]
[kpens.us/images/flexslideref15.css]
[kpens.us/index-2.html]
[kpens.us/index-3.html]
[kpens.us/images/styleef15.css]
[kpens.us/images/owl.carousel.minef15.css]
[kpens.us/images/owl.theme.defaultef15.css]
[kpens.us/images/styleef15-2.css]
[kpens.us/images/jquery-migrate.min330a.js]
[kpens.us/images/jqueryb8ff.js]
[kpens.us/images/xmlrpc0db0.php]
[kpens.us/index-4.html]
[kpens.us/images/wlwmanifest.xml]
[kpens.us/images/embededed.json]
[kpens.us/images/embedcba9]
[kpens.us/images/cropped-site_icon-32x32.jpg]
[kpens.us/images/cropped-site_icon-192x192.jpg]
[kpens.us/images/cropped-site_icon-180x180.jpg]
[kpens.us/images/cropped-site_logo.jpg]
[kpens.us/images/12328251_930868693694871_313621736_n.jpg]
[kpens.us/images/13408981_542622592613990_2105241882_n.jpg]
[kpens.us/images/skateshop2.jpg]
[kpens.us/images/element-logo.png]
[kpens.us/images/brand-logo-sticker-small_large.png]
[kpens.us/images/dgk_logo_2.png]
[kpens.us/images/lhm2jhpxu3tllqfnper6.jpg]
[kpens.us/images/girl-skateboards-500x500.jpg]
[kpens.us/images/enjoi_panda_june_2000.jpg]
[kpens.us/images/plan_b_-_logo_26_name_logo__79079.1326397592.380.380.jpg]
[kpens.us/images/logo-odyssey.png]
[kpens.us/images/b743e994c13d1ec383822ba9547d70c3.jpg]
[kpens.us/images/navigation11a8.js]
[kpens.us/images/skip-link-focus-fix146f.js]
[kpens.us/images/flexslider.min03f7.js]
[kpens.us/images/parallax.min146f.js]
[kpens.us/images/shapely-scripts146f.js]
[kpens.us/images/owl.carousel.min146f.js]
[kpens.us/index.html]
[kpens.us/images/wp-embed.minef15.js]
[gmpg.org/11.html]
[kpens.us/images/xmlrpc.php]
[fonts.googleapis.com/index.html]
[s.w.org/index.html]
[fonts.googleapis.com/images/css4f98.css]
[gmpg.org/.html]
[gmpg.org/intro.html]
[gmpg.org/faq.html]
[kpens.us/images/glyphicons-halflings-regular.eot]
[kpens.us/images/glyphicons-halflings-regular.woff2]
[kpens.us/images/glyphicons-halflings-regular.woff]
[kpens.us/index-4.html]
[kpens.us/images/glyphicons-halflings-regular.ttf]
[kpens.us/images/xmlrpc0db0.php]
[kpens.us/images/bootstrap.minef15.css]
[kpens.us/images/glyphicons-halflings-regular.svg]
[kpens.us/images/embededed.json]
[kpens.us/images/fontawesome-webfont3295.eot]
[kpens.us/images/embedcba9]
[kpens.us/images/fontawesome-webfontd41d.eot]
[kpens.us/images/fontawesome-webfont3295.woff2]
[kpens.us/images/fontawesome-webfont3295.woff]
[kpens.us/images/fontawesome-webfont3295.ttf]
[kpens.us/images/fontawesome-webfont3295.svg]
[kpens.us/images/font-awesome.minef15.css]
[kpens.us/images/flexslideref15.css]
[kpens.us/images/styleef15.css]
[kpens.us/images/owl.video.play.png]
[kpens.us/images/owl.carousel.minef15.css]
[kpens.us/images/owl.theme.defaultef15.css]
[kpens.us/styleef15.html]
[kpens.us/images/glyphicons-halflings-regulard41d.eot]
[gmpg.org/images/default.css]
[kpens.us/images/glyphicons-halflings-regular.svg]
[kpens.us/images/fontawesome-webfont3295.svg]
